This is pdfTeX, Version 3.141592653-2.6-1.40.29 (TeX Live 2026) (preloaded format=pdflatex 2026.4.10)  28 MAY 2026 16:07
entering extended mode
 restricted \write18 enabled.
 file:line:error style messages enabled.
 %&-line parsing enabled.
**c:/Users/selim/OneDrive/Bureau/PFE_BWS/main.tex
(c:/Users/selim/OneDrive/Bureau/PFE_BWS/main.tex
LaTeX2e <2025-11-01>
L3 programming layer <2026-03-20>
(c:/Users/selim/Downloads/TinyTeX/texmf-dist/tex/latex/base/report.cls
Document Class: report 2025/01/22 v1.4n Standard LaTeX document class
(c:/Users/selim/Downloads/TinyTeX/texmf-dist/tex/latex/base/size12.clo
File: size12.clo 2025/01/22 v1.4n Standard LaTeX file (size option)
)
\c@part=\count275
\c@chapter=\count276
\c@section=\count277
\c@subsection=\count278
\c@subsubsection=\count279
\c@paragraph=\count280
\c@subparagraph=\count281
\c@figure=\count282
\c@table=\count283
\abovecaptionskip=\skip49
\belowcaptionskip=\skip50
\bibindent=\dimen150
) (c:/Users/selim/Downloads/TinyTeX/texmf-dist/tex/latex/base/fontenc.sty
Package: fontenc 2025/07/18 v2.1d Standard LaTeX package
) (c:/Users/selim/Downloads/TinyTeX/texmf-dist/tex/generic/babel/babel.sty
Package: babel 2026/03/24 v26.5 The multilingual framework for LuaLaTeX, pdfLaTeX and XeLaTeX
\babel@savecnt=\count284
LaTeX Encoding Info:    Redeclaring text command \ij (encoding OT1) on input line 2078.
LaTeX Encoding Info:    Redeclaring text command \IJ (encoding OT1) on input line 2080.
LaTeX Encoding Info:    Redeclaring text command \ij (encoding T1) on input line 2082.
LaTeX Encoding Info:    Redeclaring text command \IJ (encoding T1) on input line 2083.
LaTeX Encoding Info:    Ignoring declaration for text command \ij (encoding ?) on input line 2084.
LaTeX Encoding Info:    Ignoring declaration for text command \IJ (encoding ?) on input line 2086.
LaTeX Encoding Info:    Ignoring declaration for text command \SS (encoding ?) on input line 2111.
\U@D=\dimen151
\l@unhyphenated=\language6
 (c:/Users/selim/Downloads/TinyTeX/texmf-dist/tex/generic/babel/txtbabel.def)
\bbl@readstream=\read2
\bbl@dirlevel=\count285
 (c:/Users/selim/Downloads/TinyTeX/texmf-dist/tex/generic/babel/locale/en/babel-english.tex)
Package babel Info: Importing font and identification data for english
(babel)             from babel-en.ini. Reported on input line 4330.
 (c:/Users/selim/Downloads/TinyTeX/texmf-dist/tex/generic/babel-english/english.ldf
Language: english 2017/06/06 v3.3r English support from the babel system
Package babel Info: Hyphen rules for 'canadian' set to \l@english
(babel)             (\language0). Reported on input line 102.
Package babel Info: Hyphen rules for 'australian' set to \l@ukenglish
(babel)             (\language3). Reported on input line 105.
Package babel Info: Hyphen rules for 'newzealand' set to \l@ukenglish
(babel)             (\language3). Reported on input line 108.
)) (c:/Users/selim/Downloads/TinyTeX/texmf-dist/tex/latex/graphics/graphicx.sty
Package: graphicx 2024/12/31 v1.2e Enhanced LaTeX Graphics (DPC,SPQR)
 (c:/Users/selim/Downloads/TinyTeX/texmf-dist/tex/latex/graphics/keyval.sty
Package: keyval 2022/05/29 v1.15 key=value parser (DPC)
\KV@toks@=\toks17
) (c:/Users/selim/Downloads/TinyTeX/texmf-dist/tex/latex/graphics/graphics.sty
Package: graphics 2024/08/06 v1.4g Standard LaTeX Graphics (DPC,SPQR)
 (c:/Users/selim/Downloads/TinyTeX/texmf-dist/tex/latex/graphics/trig.sty
Package: trig 2023/12/02 v1.11 sin cos tan (DPC)
) (c:/Users/selim/Downloads/TinyTeX/texmf-dist/tex/latex/graphics-cfg/graphics.cfg
File: graphics.cfg 2016/06/04 v1.11 sample graphics configuration
)
Package graphics Info: Driver file: pdftex.def on input line 106.
 (c:/Users/selim/Downloads/TinyTeX/texmf-dist/tex/latex/graphics-def/pdftex.def
File: pdftex.def 2025/09/29 v1.2d Graphics/color driver for pdftex
))
\Gin@req@height=\dimen152
\Gin@req@width=\dimen153
) (c:/Users/selim/Downloads/TinyTeX/texmf-dist/tex/latex/hyperref/hyperref.sty
Package: hyperref 2026-01-29 v7.01p Hypertext links for LaTeX
 (c:/Users/selim/Downloads/TinyTeX/texmf-dist/tex/generic/iftex/iftex.sty
Package: iftex 2024/12/12 v1.0g TeX engine tests
) (c:/Users/selim/Downloads/TinyTeX/texmf-dist/tex/latex/kvsetkeys/kvsetkeys.sty
Package: kvsetkeys 2022-10-05 v1.19 Key value parser (HO)
) (c:/Users/selim/Downloads/TinyTeX/texmf-dist/tex/generic/kvdefinekeys/kvdefinekeys.sty
Package: kvdefinekeys 2019-12-19 v1.6 Define keys (HO)
) (c:/Users/selim/Downloads/TinyTeX/texmf-dist/tex/generic/pdfescape/pdfescape.sty
Package: pdfescape 2019/12/09 v1.15 Implements pdfTeX's escape features (HO)
 (c:/Users/selim/Downloads/TinyTeX/texmf-dist/tex/generic/ltxcmds/ltxcmds.sty
Package: ltxcmds 2023-12-04 v1.26 LaTeX kernel commands for general use (HO)
) (c:/Users/selim/Downloads/TinyTeX/texmf-dist/tex/generic/pdftexcmds/pdftexcmds.sty
Package: pdftexcmds 2020-06-27 v0.33 Utility functions of pdfTeX for LuaTeX (HO)
 (c:/Users/selim/Downloads/TinyTeX/texmf-dist/tex/generic/infwarerr/infwarerr.sty
Package: infwarerr 2019/12/03 v1.5 Providing info/warning/error messages (HO)
)
Package pdftexcmds Info: \pdf@primitive is available.
Package pdftexcmds Info: \pdf@ifprimitive is available.
Package pdftexcmds Info: \pdfdraftmode found.
)) (c:/Users/selim/Downloads/TinyTeX/texmf-dist/tex/latex/hycolor/hycolor.sty
Package: hycolor 2020-01-27 v1.10 Color options for hyperref/bookmark (HO)
) (c:/Users/selim/Downloads/TinyTeX/texmf-dist/tex/latex/hyperref/nameref.sty
Package: nameref 2026-01-29 v2.58 Cross-referencing by name of section
 (c:/Users/selim/Downloads/TinyTeX/texmf-dist/tex/latex/refcount/refcount.sty
Package: refcount 2019/12/15 v3.6 Data extraction from label references (HO)
) (c:/Users/selim/Downloads/TinyTeX/texmf-dist/tex/generic/gettitlestring/gettitlestring.sty
Package: gettitlestring 2019/12/15 v1.6 Cleanup title references (HO)
 (c:/Users/selim/Downloads/TinyTeX/texmf-dist/tex/latex/kvoptions/kvoptions.sty
Package: kvoptions 2022-06-15 v3.15 Key value format for package options (HO)
))
\c@section@level=\count286
) (c:/Users/selim/Downloads/TinyTeX/texmf-dist/tex/latex/etoolbox/etoolbox.sty
Package: etoolbox 2025/10/02 v2.5m e-TeX tools for LaTeX (JAW)
\etb@tempcnta=\count287
) (c:/Users/selim/Downloads/TinyTeX/texmf-dist/tex/generic/stringenc/stringenc.sty
Package: stringenc 2019/11/29 v1.12 Convert strings between diff. encodings (HO)
)
\@linkdim=\dimen154
\Hy@linkcounter=\count288
\Hy@pagecounter=\count289
 (c:/Users/selim/Downloads/TinyTeX/texmf-dist/tex/latex/hyperref/pd1enc.def
File: pd1enc.def 2026-01-29 v7.01p Hyperref: PDFDocEncoding definition (HO)
Now handling font encoding PD1 ...
... no UTF-8 mapping file for font encoding PD1
) (c:/Users/selim/Downloads/TinyTeX/texmf-dist/tex/generic/intcalc/intcalc.sty
Package: intcalc 2019/12/15 v1.3 Expandable calculations with integers (HO)
)
\Hy@SavedSpaceFactor=\count290
 (c:/Users/selim/Downloads/TinyTeX/texmf-dist/tex/latex/hyperref/puenc.def
File: puenc.def 2026-01-29 v7.01p Hyperref: PDF Unicode definition (HO)
Now handling font encoding PU ...
... no UTF-8 mapping file for font encoding PU
)
Package hyperref Info: Hyper figures OFF on input line 4201.
Package hyperref Info: Link nesting OFF on input line 4206.
Package hyperref Info: Hyper index ON on input line 4209.
Package hyperref Info: Plain pages OFF on input line 4216.
Package hyperref Info: Backreferencing OFF on input line 4221.
Package hyperref Info: Implicit mode ON; LaTeX internals redefined.
Package hyperref Info: Bookmarks ON on input line 4468.
\c@Hy@tempcnt=\count291
 (c:/Users/selim/Downloads/TinyTeX/texmf-dist/tex/latex/url/url.sty
\Urlmuskip=\muskip17
Package: url 2013/09/16  ver 3.4  Verb mode for urls, etc.
)
LaTeX Info: Redefining \url on input line 4807.
\XeTeXLinkMargin=\dimen155
 (c:/Users/selim/Downloads/TinyTeX/texmf-dist/tex/generic/bitset/bitset.sty
Package: bitset 2019/12/09 v1.3 Handle bit-vector datatype (HO)
 (c:/Users/selim/Downloads/TinyTeX/texmf-dist/tex/generic/bigintcalc/bigintcalc.sty
Package: bigintcalc 2019/12/15 v1.5 Expandable calculations on big integers (HO)
))
\Fld@menulength=\count292
\Field@Width=\dimen156
\Fld@charsize=\dimen157
Package hyperref Info: Hyper figures OFF on input line 6084.
Package hyperref Info: Link nesting OFF on input line 6089.
Package hyperref Info: Hyper index ON on input line 6092.
Package hyperref Info: backreferencing OFF on input line 6099.
Package hyperref Info: Link coloring OFF on input line 6104.
Package hyperref Info: Link coloring with OCG OFF on input line 6109.
Package hyperref Info: PDF/A mode OFF on input line 6114.
\Hy@abspage=\count293
\c@Item=\count294
\c@Hfootnote=\count295
)
Package hyperref Info: Driver (autodetected): hpdftex.
 (c:/Users/selim/Downloads/TinyTeX/texmf-dist/tex/latex/hyperref/hpdftex.def
File: hpdftex.def 2026-01-29 v7.01p Hyperref driver for pdfTeX
\Fld@listcount=\count296
\c@bookmark@seq@number=\count297
 (c:/Users/selim/Downloads/TinyTeX/texmf-dist/tex/latex/rerunfilecheck/rerunfilecheck.sty
Package: rerunfilecheck 2025-06-21 v1.11 Rerun checks for auxiliary files (HO)
 (c:/Users/selim/Downloads/TinyTeX/texmf-dist/tex/generic/uniquecounter/uniquecounter.sty
Package: uniquecounter 2019/12/15 v1.4 Provide unlimited unique counter (HO)
)
Package uniquecounter Info: New unique counter `rerunfilecheck' on input line 284.
)
\Hy@SectionHShift=\skip51
) (c:/Users/selim/Downloads/TinyTeX/texmf-dist/tex/latex/amsmath/amsmath.sty
Package: amsmath 2025/07/09 v2.17z AMS math features
\@mathmargin=\skip52

For additional information on amsmath, use the `?' option.
(c:/Users/selim/Downloads/TinyTeX/texmf-dist/tex/latex/amsmath/amstext.sty
Package: amstext 2024/11/17 v2.01 AMS text
 (c:/Users/selim/Downloads/TinyTeX/texmf-dist/tex/latex/amsmath/amsgen.sty
File: amsgen.sty 1999/11/30 v2.0 generic functions
\@emptytoks=\toks18
\ex@=\dimen158
)) (c:/Users/selim/Downloads/TinyTeX/texmf-dist/tex/latex/amsmath/amsbsy.sty
Package: amsbsy 1999/11/29 v1.2d Bold Symbols
\pmbraise@=\dimen159
) (c:/Users/selim/Downloads/TinyTeX/texmf-dist/tex/latex/amsmath/amsopn.sty
Package: amsopn 2022/04/08 v2.04 operator names
)
\inf@bad=\count298
LaTeX Info: Redefining \frac on input line 233.
\uproot@=\count299
\leftroot@=\count300
LaTeX Info: Redefining \overline on input line 398.
LaTeX Info: Redefining \colon on input line 409.
\classnum@=\count301
\DOTSCASE@=\count302
LaTeX Info: Redefining \ldots on input line 495.
LaTeX Info: Redefining \dots on input line 498.
LaTeX Info: Redefining \cdots on input line 619.
\Mathstrutbox@=\box53
\strutbox@=\box54
LaTeX Info: Redefining \big on input line 721.
LaTeX Info: Redefining \Big on input line 722.
LaTeX Info: Redefining \bigg on input line 723.
LaTeX Info: Redefining \Bigg on input line 724.
\big@size=\dimen160
LaTeX Font Info:    Redeclaring font encoding OML on input line 742.
LaTeX Font Info:    Redeclaring font encoding OMS on input line 743.
\macc@depth=\count303
LaTeX Info: Redefining \bmod on input line 904.
LaTeX Info: Redefining \pmod on input line 909.
LaTeX Info: Redefining \smash on input line 939.
LaTeX Info: Redefining \relbar on input line 969.
LaTeX Info: Redefining \Relbar on input line 970.
\c@MaxMatrixCols=\count304
\dotsspace@=\muskip18
\c@parentequation=\count305
\dspbrk@lvl=\count306
\tag@help=\toks19
\row@=\count307
\column@=\count308
\maxfields@=\count309
\andhelp@=\toks20
\eqnshift@=\dimen161
\alignsep@=\dimen162
\tagshift@=\dimen163
\tagwidth@=\dimen164
\totwidth@=\dimen165
\lineht@=\dimen166
\@envbody=\toks21
\multlinegap=\skip53
\multlinetaggap=\skip54
\mathdisplay@stack=\toks22
LaTeX Info: Redefining \[ on input line 2950.
LaTeX Info: Redefining \] on input line 2951.
) (c:/Users/selim/Downloads/TinyTeX/texmf-dist/tex/latex/parskip/parskip.sty
Package: parskip 2021-03-14 v2.0h non-zero parskip adjustments
) (c:/Users/selim/Downloads/TinyTeX/texmf-dist/tex/latex/geometry/geometry.sty
Package: geometry 2026/03/07 v6.0 Page Geometry
 (c:/Users/selim/Downloads/TinyTeX/texmf-dist/tex/generic/iftex/ifvtex.sty
Package: ifvtex 2019/10/25 v1.7 ifvtex legacy package. Use iftex instead.
)
\Gm@cnth=\count310
\Gm@cntv=\count311
\c@Gm@tempcnt=\count312
\Gm@bindingoffset=\dimen167
\Gm@wd@mp=\dimen168
\Gm@odd@mp=\dimen169
\Gm@even@mp=\dimen170
\Gm@layoutwidth=\dimen171
\Gm@layoutheight=\dimen172
\Gm@layouthoffset=\dimen173
\Gm@layoutvoffset=\dimen174
\Gm@dimlist=\toks23
) (c:/Users/selim/Downloads/TinyTeX/texmf-dist/tex/latex/float/float.sty
Package: float 2001/11/08 v1.3d Float enhancements (AL)
\c@float@type=\count313
\float@exts=\toks24
\float@box=\box55
\@float@everytoks=\toks25
\@floatcapt=\box56
) (c:/Users/selim/Downloads/TinyTeX/texmf-dist/tex/latex/l3backend/l3backend-pdftex.def
File: l3backend-pdftex.def 2026-02-18 L3 backend support: PDF output (pdfTeX)
\l__color_backend_stack_int=\count314
) (./main.aux (./GeneralIntroduction.aux) (./chapter1.aux

LaTeX Warning: Label `fig:electricity' multiply defined.

) (./chapter2.aux

LaTeX Warning: Label `fig:can' multiply defined.

) (./chapter3.aux))
\openout1 = `main.aux'.

LaTeX Font Info:    Checking defaults for OML/cmm/m/it on input line 13.
LaTeX Font Info:    ... okay on input line 13.
LaTeX Font Info:    Checking defaults for OMS/cmsy/m/n on input line 13.
LaTeX Font Info:    ... okay on input line 13.
LaTeX Font Info:    Checking defaults for OT1/cmr/m/n on input line 13.
LaTeX Font Info:    ... okay on input line 13.
LaTeX Font Info:    Checking defaults for T1/cmr/m/n on input line 13.
LaTeX Font Info:    ... okay on input line 13.
LaTeX Font Info:    Checking defaults for TS1/cmr/m/n on input line 13.
LaTeX Font Info:    ... okay on input line 13.
LaTeX Font Info:    Checking defaults for OMX/cmex/m/n on input line 13.
LaTeX Font Info:    ... okay on input line 13.
LaTeX Font Info:    Checking defaults for U/cmr/m/n on input line 13.
LaTeX Font Info:    ... okay on input line 13.
LaTeX Font Info:    Checking defaults for PD1/pdf/m/n on input line 13.
LaTeX Font Info:    ... okay on input line 13.
LaTeX Font Info:    Checking defaults for PU/pdf/m/n on input line 13.
LaTeX Font Info:    ... okay on input line 13.
 (c:/Users/selim/Downloads/TinyTeX/texmf-dist/tex/latex/epstopdf-pkg/epstopdf-base.sty
Package: epstopdf-base 2020-01-24 v2.11 Base part for package epstopdf
Package epstopdf-base Info: Redefining graphics rule for `.eps' on input line 485.
 (c:/Users/selim/Downloads/TinyTeX/texmf-dist/tex/latex/latexconfig/epstopdf-sys.cfg
File: epstopdf-sys.cfg 2010/07/13 v1.3 Configuration of (r)epstopdf for TeX Live
))
Package hyperref Info: Link coloring OFF on input line 13.
 (./main.out) (./main.out)
\@outlinefile=\write3
\openout3 = `main.out'.


*geometry* driver: auto-detecting
*geometry* detected driver: pdftex
*geometry* verbose mode - [ preamble ] result:
* driver: pdftex
* paper: a4paper
* layout: <same size as paper>
* layoutoffset:(h,v)=(0.0pt,0.0pt)
* modes: 
* h-part:(L,W,R)=(71.13188pt, 469.47049pt, 56.9055pt)
* v-part:(T,H,B)=(85.35826pt, 702.78308pt, 56.9055pt)
* \paperwidth=597.50787pt
* \paperheight=845.04684pt
* \textwidth=469.47049pt
* \textheight=702.78308pt
* \oddsidemargin=-1.1381pt
* \evensidemargin=-1.1381pt
* \topmargin=-23.91173pt
* \headheight=12.0pt
* \headsep=25.0pt
* \topskip=12.0pt
* \footskip=30.0pt
* \marginparwidth=35.0pt
* \marginparsep=10.0pt
* \columnsep=10.0pt
* \skip\footins=10.8pt plus 4.0pt minus 2.0pt
* \hoffset=0.0pt
* \voffset=0.0pt
* \mag=1000
* \@twocolumnfalse
* \@twosidefalse
* \@mparswitchfalse
* \@reversemarginfalse
* (1in=72.27pt=25.4mm, 1cm=28.453pt)

[1

{c:/Users/selim/Downloads/TinyTeX/texmf-var/fonts/map/pdftex/updmap/pdftex.map}] (./main.toc
Overfull \hbox (10.0447pt too wide) in paragraph at lines 2--2
  [][]\T1/cmr/bx/n/12 PROJECT GEN-ERAL CON-TEXT AND PRE-SEN-TA-TION OF THE COM- 
 []


pdfTeX warning (ext4): destination with the same identifier (name{page.1}) has been already used, duplicate ignored
<to be read again> 
                   \relax 
l.38 ...\numberline {3}Realization}{28}{chapter.3}
                                                  % [1

])
\tf@toc=\write4
\openout4 = `main.toc'.

 [2]
\openout2 = `GeneralIntroduction.aux'.

 (./GeneralIntroduction.tex) [3


]
\openout2 = `chapter1.aux'.

 (./chapter1.tex
Chapter 1.
[4




]
<C:/Users/selim/Downloads/imagesreport/organigram.png, id=240, 537.80925pt x 352.31625pt>
File: C:/Users/selim/Downloads/imagesreport/organigram.png Graphic file (type png)
<use C:/Users/selim/Downloads/imagesreport/organigram.png>
Package pdftex.def Info: C:/Users/selim/Downloads/imagesreport/organigram.png  used on input line 64.
(pdftex.def)             Requested size: 328.6279pt x 215.28891pt.
<C:/Users/selim/Downloads/imagesreport/electricity.png, id=242, 452.69125pt x 218.8175pt>
File: C:/Users/selim/Downloads/imagesreport/electricity.png Graphic file (type png)
<use C:/Users/selim/Downloads/imagesreport/electricity.png>
Package pdftex.def Info: C:/Users/selim/Downloads/imagesreport/electricity.png  used on input line 80.
(pdftex.def)             Requested size: 328.6279pt x 158.84729pt.

Overfull \hbox (14.64035pt too wide) in paragraph at lines 75--83
\T1/cmr/m/n/12 iden-ti-fies energy[]consuming equip-ment, pro-vides real[]time mon-i-tor-ing, and of-fers AI[]based
 []

[5
pdfTeX warning (ext4): destination with the same identifier (name{figure.1.1}) has been already used, duplicate ignored
<argument> ...shipout:D \box_use:N \l_shipout_box 
                                                  \__shipout_drop_firstpage_...
l.83     \end{figure}
                      <c:/Users/selim/Downloads/imagesreport/organigram.png>]
<C:/Users/selim/Downloads/imagesreport/water.png, id=249, 452.69125pt x 218.8175pt>
File: C:/Users/selim/Downloads/imagesreport/water.png Graphic file (type png)
<use C:/Users/selim/Downloads/imagesreport/water.png>
Package pdftex.def Info: C:/Users/selim/Downloads/imagesreport/water.png  used on input line 90.
(pdftex.def)             Requested size: 328.6279pt x 158.84729pt.
<C:/Users/selim/Downloads/imagesreport/fleet.png, id=250, 452.69125pt x 218.8175pt>
File: C:/Users/selim/Downloads/imagesreport/fleet.png Graphic file (type png)
<use C:/Users/selim/Downloads/imagesreport/fleet.png>
Package pdftex.def Info: C:/Users/selim/Downloads/imagesreport/fleet.png  used on input line 100.
(pdftex.def)             Requested size: 328.6279pt x 158.84729pt.
 [6
pdfTeX warning (ext4): destination with the same identifier (name{figure.1.2}) has been already used, duplicate ignored
<argument> ...shipout:D \box_use:N \l_shipout_box 
                                                  \__shipout_drop_firstpage_...
l.104 
      
pdfTeX warning (ext4): destination with the same identifier (name{figure.1.3}) has been already used, duplicate ignored
<argument> ...shipout:D \box_use:N \l_shipout_box 
                                                  \__shipout_drop_firstpage_...
l.104 
       <c:/Users/selim/Downloads/imagesreport/electricity.png> <c:/Users/selim/Downloads/imagesreport/water.png>]
<C:/Users/selim/Downloads/imagesreport/equipment.png, id=261, 452.69125pt x 218.8175pt>
File: C:/Users/selim/Downloads/imagesreport/equipment.png Graphic file (type png)
<use C:/Users/selim/Downloads/imagesreport/equipment.png>
Package pdftex.def Info: C:/Users/selim/Downloads/imagesreport/equipment.png  used on input line 110.
(pdftex.def)             Requested size: 328.6279pt x 158.84729pt.
<C:/Users/selim/Downloads/imagesreport/coldchain.png, id=262, 452.69125pt x 218.8175pt>
File: C:/Users/selim/Downloads/imagesreport/coldchain.png Graphic file (type png)
<use C:/Users/selim/Downloads/imagesreport/coldchain.png>
Package pdftex.def Info: C:/Users/selim/Downloads/imagesreport/coldchain.png  used on input line 120.
(pdftex.def)             Requested size: 328.6279pt x 158.84729pt.
 [7
pdfTeX warning (ext4): destination with the same identifier (name{figure.1.4}) has been already used, duplicate ignored
<argument> ...shipout:D \box_use:N \l_shipout_box 
                                                  \__shipout_drop_firstpage_...
l.124 \end{itemize}
                   
pdfTeX warning (ext4): destination with the same identifier (name{figure.1.5}) has been already used, duplicate ignored
<argument> ...shipout:D \box_use:N \l_shipout_box 
                                                  \__shipout_drop_firstpage_...
l.124 \end{itemize}
                    <c:/Users/selim/Downloads/imagesreport/fleet.png> <c:/Users/selim/Downloads/imagesreport/equipment.png>]
Overfull \hbox (33.55405pt too wide) in paragraph at lines 140--142
[]\T1/cmr/m/n/12 To over-come these lim-i-ta-tions, BWS has pro-posed the de-vel-op-ment of the IO[]Box, a general[]purpose
 []

[8
pdfTeX warning (ext4): destination with the same identifier (name{figure.1.6}) has been already used, duplicate ignored
<argument> ...shipout:D \box_use:N \l_shipout_box 
                                                  \__shipout_drop_firstpage_...
l.164 
       <c:/Users/selim/Downloads/imagesreport/coldchain.png>] [9]
<C:/Users/selim/Downloads/imagesreport/v-model.png, id=283, 460.72125pt x 444.66125pt>
File: C:/Users/selim/Downloads/imagesreport/v-model.png Graphic file (type png)
<use C:/Users/selim/Downloads/imagesreport/v-model.png>
Package pdftex.def Info: C:/Users/selim/Downloads/imagesreport/v-model.png  used on input line 217.
(pdftex.def)             Requested size: 352.10286pt x 339.82549pt.
 [10
pdfTeX warning (ext4): destination with the same identifier (name{figure.1.7}) has been already used, duplicate ignored
<argument> ...shipout:D \box_use:N \l_shipout_box 
                                                  \__shipout_drop_firstpage_...
l.249 
       <c:/Users/selim/Downloads/imagesreport/v-model.png>]) [11]
\openout2 = `chapter2.aux'.

 (./chapter2.tex
Chapter 2.
<C:/Users/selim/Downloads/imagesreport/synoptique.png, id=293, 647.41875pt x 321.45094pt>
File: C:/Users/selim/Downloads/imagesreport/synoptique.png Graphic file (type png)
<use C:/Users/selim/Downloads/imagesreport/synoptique.png>
Package pdftex.def Info: C:/Users/selim/Downloads/imagesreport/synoptique.png  used on input line 31.
(pdftex.def)             Requested size: 352.10286pt x 174.82187pt.
[12




]
<C:/Users/selim/Downloads/imagesreport/software_layers.png, id=299, 668.4975pt x 638.385pt>
File: C:/Users/selim/Downloads/imagesreport/software_layers.png Graphic file (type png)
<use C:/Users/selim/Downloads/imagesreport/software_layers.png>
Package pdftex.def Info: C:/Users/selim/Downloads/imagesreport/software_layers.png  used on input line 62.
(pdftex.def)             Requested size: 305.15294pt x 291.41049pt.
 [13
pdfTeX warning (ext4): destination with the same identifier (name{figure.2.1}) has been already used, duplicate ignored
<argument> ...shipout:D \box_use:N \l_shipout_box 
                                                  \__shipout_drop_firstpage_...
l.66 
      <c:/Users/selim/Downloads/imagesreport/synoptique.png>] [14
pdfTeX warning (ext4): destination with the same identifier (name{figure.2.2}) has been already used, duplicate ignored
<argument> ...shipout:D \box_use:N \l_shipout_box 
                                                  \__shipout_drop_firstpage_...
l.97 
      <c:/Users/selim/Downloads/imagesreport/software_layers.png>]
<C:/Users/selim/Downloads/imagesreport/stm32g474_chip.jpg, id=316, 1003.75pt x 760.8425pt>
File: C:/Users/selim/Downloads/imagesreport/stm32g474_chip.jpg Graphic file (type jpg)
<use C:/Users/selim/Downloads/imagesreport/stm32g474_chip.jpg>
Package pdftex.def Info: C:/Users/selim/Downloads/imagesreport/stm32g474_chip.jpg  used on input line 100.
(pdftex.def)             Requested size: 305.15294pt x 231.3078pt.
 [15
pdfTeX warning (ext4): destination with the same identifier (name{figure.2.3}) has been already used, duplicate ignored
<argument> ...shipout:D \box_use:N \l_shipout_box 
                                                  \__shipout_drop_firstpage_...
l.170 
       <c:/Users/selim/Downloads/imagesreport/stm32g474_chip.jpg>]
<C:/Users/selim/Downloads/imagesreport/vs_code.jpeg, id=322, 225.84375pt x 225.84375pt>
File: C:/Users/selim/Downloads/imagesreport/vs_code.jpeg Graphic file (type jpg)
<use C:/Users/selim/Downloads/imagesreport/vs_code.jpeg>
Package pdftex.def Info: C:/Users/selim/Downloads/imagesreport/vs_code.jpeg  used on input line 189.
(pdftex.def)             Requested size: 305.15294pt x 305.19293pt.
 [16
pdfTeX warning (ext4): destination with the same identifier (name{table.2.1}) has been already used, duplicate ignored
<argument> ...shipout:D \box_use:N \l_shipout_box 
                                                  \__shipout_drop_firstpage_...
l.193 
      ]
<C:/Users/selim/Downloads/imagesreport/iar_workbench.png, id=328, 225.84375pt x 224.84pt>
File: C:/Users/selim/Downloads/imagesreport/iar_workbench.png Graphic file (type png)
<use C:/Users/selim/Downloads/imagesreport/iar_workbench.png>
Package pdftex.def Info: C:/Users/selim/Downloads/imagesreport/iar_workbench.png  used on input line 204.
(pdftex.def)             Requested size: 211.26028pt x 210.3341pt.
 [17
pdfTeX warning (ext4): destination with the same identifier (name{figure.2.4}) has been already used, duplicate ignored
<argument> ...shipout:D \box_use:N \l_shipout_box 
                                                  \__shipout_drop_firstpage_...
l.216 
      
pdfTeX warning (ext4): destination with the same identifier (name{figure.2.5}) has been already used, duplicate ignored
<argument> ...shipout:D \box_use:N \l_shipout_box 
                                                  \__shipout_drop_firstpage_...
l.216 
       <c:/Users/selim/Downloads/imagesreport/vs_code.jpeg> <c:/Users/selim/Downloads/imagesreport/iar_workbench.png>]
<C:/Users/selim/Downloads/imagesreport/stm32cubemx.png, id=336, 279.0425pt x 181.67876pt>
File: C:/Users/selim/Downloads/imagesreport/stm32cubemx.png Graphic file (type png)
<use C:/Users/selim/Downloads/imagesreport/stm32cubemx.png>
Package pdftex.def Info: C:/Users/selim/Downloads/imagesreport/stm32cubemx.png  used on input line 219.
(pdftex.def)             Requested size: 305.15294pt x 198.68568pt.
<C:/Users/selim/Downloads/imagesreport/gitlab_logo.png, id=337, 351.3125pt x 385.44pt>
File: C:/Users/selim/Downloads/imagesreport/gitlab_logo.png Graphic file (type png)
<use C:/Users/selim/Downloads/imagesreport/gitlab_logo.png>
Package pdftex.def Info: C:/Users/selim/Downloads/imagesreport/gitlab_logo.png  used on input line 233.
(pdftex.def)             Requested size: 164.31754pt x 180.28638pt.
 [18
pdfTeX warning (ext4): destination with the same identifier (name{figure.2.6}) has been already used, duplicate ignored
<argument> ...shipout:D \box_use:N \l_shipout_box 
                                                  \__shipout_drop_firstpage_...
l.247 
      
pdfTeX warning (ext4): destination with the same identifier (name{figure.2.7}) has been already used, duplicate ignored
<argument> ...shipout:D \box_use:N \l_shipout_box 
                                                  \__shipout_drop_firstpage_...
l.247 
       <c:/Users/selim/Downloads/imagesreport/stm32cubemx.png> <c:/Users/selim/Downloads/imagesreport/gitlab_logo.png>]
<C:/Users/selim/Downloads/imagesreport/spi_diagram.png, id=347, 963.6pt x 301.125pt>
File: C:/Users/selim/Downloads/imagesreport/spi_diagram.png Graphic file (type png)
<use C:/Users/selim/Downloads/imagesreport/spi_diagram.png>
Package pdftex.def Info: C:/Users/selim/Downloads/imagesreport/spi_diagram.png  used on input line 271.
(pdftex.def)             Requested size: 305.15294pt x 95.36029pt.
<C:/Users/selim/Downloads/imagesreport/endianness_diagram.png, id=348, 963.6pt x 385.44pt>
File: C:/Users/selim/Downloads/imagesreport/endianness_diagram.png Graphic file (type png)
<use C:/Users/selim/Downloads/imagesreport/endianness_diagram.png>
Package pdftex.def Info: C:/Users/selim/Downloads/imagesreport/endianness_diagram.png  used on input line 278.
(pdftex.def)             Requested size: 352.10286pt x 140.84029pt.
 [19
pdfTeX warning (ext4): destination with the same identifier (name{figure.2.8}) has been already used, duplicate ignored
<argument> ...shipout:D \box_use:N \l_shipout_box 
                                                  \__shipout_drop_firstpage_...
l.282 
       <c:/Users/selim/Downloads/imagesreport/spi_diagram.png>]
<C:/Users/selim/Downloads/imagesreport/trame_can.jpg, id=355, 664.28175pt x 269.808pt>
File: C:/Users/selim/Downloads/imagesreport/trame_can.jpg Graphic file (type jpg)
<use C:/Users/selim/Downloads/imagesreport/trame_can.jpg>
Package pdftex.def Info: C:/Users/selim/Downloads/imagesreport/trame_can.jpg  used on input line 319.
(pdftex.def)             Requested size: 328.6279pt x 133.4792pt.
 [20
pdfTeX warning (ext4): destination with the same identifier (name{figure.2.9}) has been already used, duplicate ignored
<argument> ...shipout:D \box_use:N \l_shipout_box 
                                                  \__shipout_drop_firstpage_...
l.323 
       <c:/Users/selim/Downloads/imagesreport/endianness_diagram.png>]
<C:/Users/selim/Downloads/imagesreport/can_diagram.png, id=362, 752.0597pt x 303.38344pt>
File: C:/Users/selim/Downloads/imagesreport/can_diagram.png Graphic file (type png)
<use C:/Users/selim/Downloads/imagesreport/can_diagram.png>
Package pdftex.def Info: C:/Users/selim/Downloads/imagesreport/can_diagram.png  used on input line 333.
(pdftex.def)             Requested size: 328.6279pt x 132.57253pt.
 [21
pdfTeX warning (ext4): destination with the same identifier (name{figure.2.10}) has been already used, duplicate ignored
<argument> ...shipout:D \box_use:N \l_shipout_box 
                                                  \__shipout_drop_firstpage_...
l.360 
      
pdfTeX warning (ext4): destination with the same identifier (name{figure.2.11}) has been already used, duplicate ignored
<argument> ...shipout:D \box_use:N \l_shipout_box 
                                                  \__shipout_drop_firstpage_...
l.360 
       <c:/Users/selim/Downloads/imagesreport/trame_can.jpg> <c:/Users/selim/Downloads/imagesreport/can_diagram.png>]
<C:/Users/selim/Downloads/imagesreport/ADC.png, id=370, 578.76225pt x 194.52675pt>
File: C:/Users/selim/Downloads/imagesreport/ADC.png Graphic file (type png)
<use C:/Users/selim/Downloads/imagesreport/ADC.png>
Package pdftex.def Info: C:/Users/selim/Downloads/imagesreport/ADC.png  used on input line 381.
(pdftex.def)             Requested size: 328.6279pt x 110.45396pt.
 [22
pdfTeX warning (ext4): destination with the same identifier (name{figure.2.12}) has been already used, duplicate ignored
<argument> ...shipout:D \box_use:N \l_shipout_box 
                                                  \__shipout_drop_firstpage_...
l.404 \end{itemize}
                    <c:/Users/selim/Downloads/imagesreport/ADC.png>]
<C:/Users/selim/Downloads/imagesreport/Duty_Cycle_Examples.png, id=377, 326.4195pt x 205.9695pt>
File: C:/Users/selim/Downloads/imagesreport/Duty_Cycle_Examples.png Graphic file (type png)
<use C:/Users/selim/Downloads/imagesreport/Duty_Cycle_Examples.png>
Package pdftex.def Info: C:/Users/selim/Downloads/imagesreport/Duty_Cycle_Examples.png  used on input line 435.
(pdftex.def)             Requested size: 328.6279pt x 207.37068pt.
 [23
pdfTeX warning (ext4): destination with the same identifier (name{figure.2.13}) has been already used, duplicate ignored
<argument> ...shipout:D \box_use:N \l_shipout_box 
                                                  \__shipout_drop_firstpage_...
l.447 
       <c:/Users/selim/Downloads/imagesreport/Duty_Cycle_Examples.png>]
<C:/Users/selim/Downloads/imagesreport/eeprom.png, id=383, 225.84375pt x 126.4725pt>
File: C:/Users/selim/Downloads/imagesreport/eeprom.png Graphic file (type png)
<use C:/Users/selim/Downloads/imagesreport/eeprom.png>
Package pdftex.def Info: C:/Users/selim/Downloads/imagesreport/eeprom.png  used on input line 486.
(pdftex.def)             Requested size: 258.21019pt x 144.61627pt.
 [24
pdfTeX warning (ext4): destination with the same identifier (name{table.2.2}) has been already used, duplicate ignored
<argument> ...shipout:D \box_use:N \l_shipout_box 
                                                  \__shipout_drop_firstpage_...
l.508 
      
pdfTeX warning (ext4): destination with the same identifier (name{figure.2.14}) has been already used, duplicate ignored
<argument> ...shipout:D \box_use:N \l_shipout_box 
                                                  \__shipout_drop_firstpage_...
l.508 
       <c:/Users/selim/Downloads/imagesreport/eeprom.png>]
<C:/Users/selim/Downloads/imagesreport/ES-12233_001__04637.jpg, id=392, 1284.8pt x 1284.8pt>
File: C:/Users/selim/Downloads/imagesreport/ES-12233_001__04637.jpg Graphic file (type jpg)
<use C:/Users/selim/Downloads/imagesreport/ES-12233_001__04637.jpg>
Package pdftex.def Info: C:/Users/selim/Downloads/imagesreport/ES-12233_001__04637.jpg  used on input line 540.
(pdftex.def)             Requested size: 258.21019pt x 258.21013pt.
 [25
pdfTeX warning (ext4): destination with the same identifier (name{table.2.3}) has been already used, duplicate ignored
<argument> ...shipout:D \box_use:N \l_shipout_box 
                                                  \__shipout_drop_firstpage_...
l.558 
      
pdfTeX warning (ext4): destination with the same identifier (name{figure.2.15}) has been already used, duplicate ignored
<argument> ...shipout:D \box_use:N \l_shipout_box 
                                                  \__shipout_drop_firstpage_...
l.558 
       <c:/Users/selim/Downloads/imagesreport/ES-12233_001__04637.jpg>]
<C:/Users/selim/Downloads/imagesreport/opt3001.jpg, id=400, 225.84375pt x 210.03468pt>
File: C:/Users/selim/Downloads/imagesreport/opt3001.jpg Graphic file (type jpg)
<use C:/Users/selim/Downloads/imagesreport/opt3001.jpg>
Package pdftex.def Info: C:/Users/selim/Downloads/imagesreport/opt3001.jpg  used on input line 590.
(pdftex.def)             Requested size: 258.21019pt x 240.16632pt.
 [26
pdfTeX warning (ext4): destination with the same identifier (name{table.2.4}) has been already used, duplicate ignored
<argument> ...shipout:D \box_use:N \l_shipout_box 
                                                  \__shipout_drop_firstpage_...
l.616 
      
pdfTeX warning (ext4): destination with the same identifier (name{figure.2.16}) has been already used, duplicate ignored
<argument> ...shipout:D \box_use:N \l_shipout_box 
                                                  \__shipout_drop_firstpage_...
l.616 
       <c:/Users/selim/Downloads/imagesreport/opt3001.jpg>]) [27]
\openout2 = `chapter3.aux'.

 (./chapter3.tex
Chapter 3.
[28




]
<C:/Users/selim/Downloads/imagesreport/fw_architecture.png, id=417, 702.82574pt x 398.6895pt>
File: C:/Users/selim/Downloads/imagesreport/fw_architecture.png Graphic file (type png)
<use C:/Users/selim/Downloads/imagesreport/fw_architecture.png>
Package pdftex.def Info: C:/Users/selim/Downloads/imagesreport/fw_architecture.png  used on input line 53.
(pdftex.def)             Requested size: 399.05278pt x 226.36717pt.

Overfull \hbox (10.1674pt too wide) in paragraph at lines 66--72
\T1/cmr/m/n/12 firmware. It pro-vides the es-sen-tial drivers and ini-tial-iza-tion rou-tines that al-low the STM32G474
 []

[29
pdfTeX warning (ext4): destination with the same identifier (name{figure.3.1}) has been already used, duplicate ignored
<argument> ...shipout:D \box_use:N \l_shipout_box 
                                                  \__shipout_drop_firstpage_...
l.82 
      <c:/Users/selim/Downloads/imagesreport/fw_architecture.png>]
<C:/Users/selim/Downloads/imagesreport/stm32_pinout.png, id=425, 405.31425pt x 380.01974pt>
File: C:/Users/selim/Downloads/imagesreport/stm32_pinout.png Graphic file (type png)
<use C:/Users/selim/Downloads/imagesreport/stm32_pinout.png>
Package pdftex.def Info: C:/Users/selim/Downloads/imagesreport/stm32_pinout.png  used on input line 85.
(pdftex.def)             Requested size: 352.10286pt x 330.12743pt.
<C:/Users/selim/Downloads/imagesreport/spi_macro.png, id=427, 443.85825pt x 170.43675pt>
File: C:/Users/selim/Downloads/imagesreport/spi_macro.png Graphic file (type png)
<use C:/Users/selim/Downloads/imagesreport/spi_macro.png>
Package pdftex.def Info: C:/Users/selim/Downloads/imagesreport/spi_macro.png  used on input line 100.
(pdftex.def)             Requested size: 352.10286pt x 135.20528pt.
 [30
pdfTeX warning (ext4): destination with the same identifier (name{figure.3.2}) has been already used, duplicate ignored
<argument> ...shipout:D \box_use:N \l_shipout_box 
                                                  \__shipout_drop_firstpage_...
l.104 
       <c:/Users/selim/Downloads/imagesreport/stm32_pinout.png>]
Overfull \hbox (19.16176pt too wide) in paragraph at lines 105--111
[]\T1/cmr/m/n/12 The API fol-lows the same struc-ture ap-plied to all BSP drivers: - \T1/cmr/bx/n/12 Ini-tial-iza-tion\T1/cmr/m/n/12 : \T1/cmtt/m/n/12 BSP_SPI2_init\T1/cmr/m/n/12 ,
 []

<C:/Users/selim/Downloads/imagesreport/spi_API.png, id=437, 687.7695pt x 374.5995pt>
File: C:/Users/selim/Downloads/imagesreport/spi_API.png Graphic file (type png)
<use C:/Users/selim/Downloads/imagesreport/spi_API.png>
Package pdftex.def Info: C:/Users/selim/Downloads/imagesreport/spi_API.png  used on input line 118.
(pdftex.def)             Requested size: 352.10286pt x 191.78056pt.
) [31
pdfTeX warning (ext4): destination with the same identifier (name{figure.3.3}) has been already used, duplicate ignored
<argument> ...shipout:D \box_use:N \l_shipout_box 
                                                  \__shipout_drop_firstpage_...
l.29 \include{chapter3}
                       
pdfTeX warning (ext4): destination with the same identifier (name{figure.3.4}) has been already used, duplicate ignored
<argument> ...shipout:D \box_use:N \l_shipout_box 
                                                  \__shipout_drop_firstpage_...
l.29 \include{chapter3}
                        <c:/Users/selim/Downloads/imagesreport/spi_macro.png> <c:/Users/selim/Downloads/imagesreport/spi_API.png>] (./main.aux (./GeneralIntroduction.aux) (./chapter1.aux) (./chapter2.aux) (./chapter3.aux))
 ***********
LaTeX2e <2025-11-01>
L3 programming layer <2026-03-20>
 ***********


LaTeX Warning: There were multiply-defined labels.

Package rerunfilecheck Info: File `main.out' has not changed.
(rerunfilecheck)             Checksum: 24E2D1B178A630EEA5150A2EACCE764F;7175.
 ) 
Here is how much of TeX's memory you used:
 11174 strings out of 469278
 184027 string characters out of 5462079
 608407 words of memory out of 5000000
 39760 multiletter control sequences out of 15000+600000
 640855 words of font info for 69 fonts, out of 8000000 for 9000
 36 hyphenation exceptions out of 8191
 75i,12n,79p,598b,577s stack positions out of 10000i,1000n,20000p,200000b,200000s
 <c:/Users/selim/Downloads/TinyTeX/texmf-var/fonts/pk/ljfour/jknappen/ec/ectt1200.600pk> <c:/Users/selim/Downloads/TinyTeX/texmf-var/fonts/pk/ljfour/jknappen/ec/ecrm0800.600pk> <c:/Users/selim/Downloads/TinyTeX/texmf-var/fonts/pk/ljfour/jknappen/ec/tcrm1200.600pk> <c:/Users/selim/Downloads/TinyTeX/texmf-var/fonts/pk/ljfour/jknappen/ec/ecbx1440.600pk> <c:/Users/selim/Downloads/TinyTeX/texmf-var/fonts/pk/ljfour/jknappen/ec/ecbx1728.600pk> <c:/Users/selim/Downloads/TinyTeX/texmf-var/fonts/pk/ljfour/jknappen/ec/ecrm1200.600pk> <c:/Users/selim/Downloads/TinyTeX/texmf-var/fonts/pk/ljfour/jknappen/ec/ecbx1200.600pk> <c:/Users/selim/Downloads/TinyTeX/texmf-var/fonts/pk/ljfour/jknappen/ec/ecbx2488.600pk> <c:/Users/selim/Downloads/TinyTeX/texmf-var/fonts/pk/ljfour/jknappen/ec/ecrm1440.600pk> <c:/Users/selim/Downloads/TinyTeX/texmf-var/fonts/pk/ljfour/jknappen/ec/ecrm2074.600pk><c:/Users/selim/Downloads/TinyTeX/texmf-dist/fonts/type1/public/amsfonts/cm/cmsy10.pfb>
Output written on main.pdf (32 pages, 1911263 bytes).
PDF statistics:
 858 PDF objects out of 1000 (max. 8388607)
 421 compressed objects within 5 object streams
 109 named destinations out of 1000 (max. 500000)
 464 words of extra memory for PDF output out of 10000 (max. 10000000)

